Request is in progress
executeAndWaitAny returned 23
getClientHandle returned 23
Calling reset
After reset
Getting response data
After reset handle=0 and response Data=
