Result of E&W with timeout is 0
Request has fault - good
